// Jest Snapshot v1, https://goo.gl/fbAQLP

exports[`CameraScreen 렌더링 테스트 1`] = `
<div
  className="error-screen"
>
  <h2>
    An error has occured
  </h2>
  <h4>
    [React Intl] Could not find required \`intl\` object. &lt;IntlProvider&gt; needs to exist in the component ancestry.
  </h4>
</div>
`;
