// Jest Snapshot v1, https://goo.gl/fbAQLP

exports[`LoginScreen 렌더링 테스트 1`] = `
[
  <RCTSafeAreaView
    accessible={true}
    focusable={true}
    onClick={[Function]}
    onResponderGrant={[Function]}
    onResponderMove={[Function]}
    onResponderRelease={[Function]}
    onResponderTerminate={[Function]}
    onResponderTerminationRequest={[Function]}
    onStartShouldSetResponder={[Function]}
    style={
      {
        "alignItems": "center",
        "flex": 1,
        "justifyContent": "center",
        "margin": 20,
      }
    }
  >
    <View
      onLayout={[Function]}
      style={
        {
          "width": "100%",
        }
      }
    >
      <View
        style={
          {
            "bottom": 0,
          }
        }
      >
        <View
          collapsable={false}
          style={
            {
              "marginVertical": 16,
              "transform": [
                {
                  "translateX": 0,
                },
              ],
              "width": "100%",
            }
          }
        >
          <View
            style={
              {
                "flexDirection": "row",
                "justifyContent": "space-between",
                "marginBottom": 10,
              }
            }
          >
            <Text
              style={
                {
                  "color": "black",
                  "fontSize": 16,
                  "fontWeight": "bold",
                }
              }
            >
              이메일
            </Text>
            <Text
              style={
                {
                  "fontWeight": "300",
                  "marginLeft": 20,
                }
              }
            />
          </View>
          <TextInput
            accessibilityHint=""
            autoCapitalize="none"
            keyboardType="email-address"
            onChangeText={[Function]}
            onSubmitEditing={[Function]}
            placeholder="remo@naver.com"
            style={
              {
                "backgroundColor": "white",
                "borderColor": "#000",
                "borderRadius": 6,
                "borderWidth": 1,
                "fontSize": 18,
                "padding": 10,
              }
            }
          />
        </View>
        <View
          collapsable={false}
          style={
            {
              "marginVertical": 16,
              "transform": [
                {
                  "translateX": 0,
                },
              ],
              "width": "100%",
            }
          }
        >
          <View
            style={
              {
                "flexDirection": "row",
                "justifyContent": "space-between",
                "marginBottom": 10,
              }
            }
          >
            <Text
              style={
                {
                  "color": "black",
                  "fontSize": 16,
                  "fontWeight": "bold",
                }
              }
            >
              비밀번호
            </Text>
            <Text
              style={
                {
                  "fontWeight": "300",
                  "marginLeft": 20,
                }
              }
            />
          </View>
          <TextInput
            accessibilityHint=""
            autoCapitalize="none"
            onChangeText={[Function]}
            onSubmitEditing={[Function]}
            placeholder="********"
            secureTextEntry={true}
            style={
              {
                "backgroundColor": "white",
                "borderColor": "#000",
                "borderRadius": 6,
                "borderWidth": 1,
                "fontSize": 18,
                "padding": 10,
              }
            }
          />
        </View>
        <View
          style={
            {
              "marginVertical": 5,
            }
          }
        />
        <View
          style={
            {
              "width": "100%",
            }
          }
        >
          <View
            accessible={true}
            collapsable={false}
            focusable={true}
            onBlur={[Function]}
            onClick={[Function]}
            onFocus={[Function]}
            onResponderGrant={[Function]}
            onResponderMove={[Function]}
            onResponderRelease={[Function]}
            onResponderTerminate={[Function]}
            onResponderTerminationRequest={[Function]}
            onStartShouldSetResponder={[Function]}
            style={
              {
                "backgroundColor": "#2F2F33",
                "borderRadius": 10,
                "padding": 12,
              }
            }
          >
            <Text
              style={
                {
                  "color": "white",
                  "fontSize": 16,
                  "fontWeight": "bold",
                  "textAlign": "center",
                }
              }
            >
              로그인
            </Text>
          </View>
        </View>
        <View
          style={
            {
              "marginVertical": 5,
            }
          }
        />
        <View
          style={
            {
              "width": "100%",
            }
          }
        >
          <View
            accessible={true}
            collapsable={false}
            focusable={true}
            onBlur={[Function]}
            onClick={[Function]}
            onFocus={[Function]}
            onResponderGrant={[Function]}
            onResponderMove={[Function]}
            onResponderRelease={[Function]}
            onResponderTerminate={[Function]}
            onResponderTerminationRequest={[Function]}
            onStartShouldSetResponder={[Function]}
            style={
              {
                "backgroundColor": "#4649FF",
                "borderRadius": 10,
                "padding": 12,
              }
            }
          >
            <View
              style={
                {
                  "alignItems": "center",
                  "flexDirection": "row",
                  "justifyContent": "center",
                }
              }
            >
              <Image
                source={
                  {
                    "testUri": "../../../assets/google_logo.png",
                  }
                }
                style={
                  {
                    "marginRight": 10,
                  }
                }
              />
              <Text
                style={
                  {
                    "color": "white",
                    "fontSize": 16,
                    "fontWeight": "bold",
                    "textAlign": "center",
                  }
                }
              >
                Google 계정으로 로그인
              </Text>
            </View>
          </View>
        </View>
        <View
          style={
            {
              "backgroundColor": "black",
              "height": 1,
              "marginVertical": 10,
              "width": "100%",
            }
          }
        />
        <View
          style={
            {
              "width": "100%",
            }
          }
        >
          <View
            accessible={true}
            collapsable={false}
            focusable={true}
            onBlur={[Function]}
            onClick={[Function]}
            onFocus={[Function]}
            onResponderGrant={[Function]}
            onResponderMove={[Function]}
            onResponderRelease={[Function]}
            onResponderTerminate={[Function]}
            onResponderTerminationRequest={[Function]}
            onStartShouldSetResponder={[Function]}
            style={
              {
                "backgroundColor": "#6C6C6C",
                "borderRadius": 10,
                "padding": 12,
              }
            }
          >
            <Text
              style={
                {
                  "color": "white",
                  "fontSize": 16,
                  "fontWeight": "bold",
                  "textAlign": "center",
                }
              }
            >
              회원가입
            </Text>
          </View>
        </View>
      </View>
    </View>
  </RCTSafeAreaView>,
  ",",
  ",",
]
`;
